Application started. Press Ctrl+C to shut down.
[06.10.2023 21:55:38][TCP]0.0.0.0:0        syn    0.0.0.0:0
[06.10.2023 21:55:39][TCP]0.0.0.0:0        syn    0.0.0.0:0
[06.10.2023 21:55:39][TCP]10.0.0.1:63794   syn    104.82.234.109:443
[06.10.2023 21:55:39][TCP]0.0.0.0:0        syn    0.0.0.0:0
[06.10.2023 21:55:39][TCP]10.0.0.1:63801   syn    216.58.204.78:443
[06.10.2023 21:55:39][TCP]10.0.0.1:63802   syn    74.125.71.188:443
[06.10.2023 21:55:39][TCP]10.0.0.1:63805   syn    216.58.204.78:443
[06.10.2023 21:55:40][TCP]0.0.0.0:0        open   0.0.0.0:0
[06.10.2023 21:55:40][TCP]0.0.0.0:0        open   0.0.0.0:0
[06.10.2023 21:55:40][TCP]10.0.0.1:63794   open   104.82.234.109:443
[06.10.2023 21:55:40][TCP]0.0.0.0:0        open   0.0.0.0:0
[06.10.2023 21:55:40][TCP]10.0.0.1:63810   syn    20.90.156.32:443
[06.10.2023 21:55:41][TCP]10.0.0.1:63802   open   74.125.71.188:443
[06.10.2023 21:55:41][TCP]10.0.0.1:63801   open   216.58.204.78:443
[06.10.2023 21:55:41][TCP]10.0.0.1:63814   syn    162.254.198.104:27023
[06.10.2023 21:55:41][TCP]10.0.0.1:63815   syn    162.254.198.104:443
[06.10.2023 21:55:41][TCP]10.0.0.1:63816   syn    155.133.252.39:27038
[06.10.2023 21:55:41][TCP]10.0.0.1:63818   syn    162.254.198.104:27031
[06.10.2023 21:55:41][TCP]10.0.0.1:63805   open   216.58.204.78:443
[06.10.2023 21:55:41][TCP]10.0.0.1:63810   open   20.90.156.32:443
[06.10.2023 21:55:42][TCP]10.0.0.1:63816   open   155.133.252.39:27038
[06.10.2023 21:55:42][TCP]10.0.0.1:63815   open   162.254.198.104:443
[06.10.2023 21:55:42][TCP]10.0.0.1:63814   open   162.254.198.104:27023
[06.10.2023 21:55:42][TCP]10.0.0.1:63818   open   162.254.198.104:27031
[06.10.2023 21:55:42][TCP]10.0.0.1:63826   syn    155.133.252.54:27022
[06.10.2023 21:55:42][TCP]10.0.0.1:63827   syn    155.133.226.75:27034
[06.10.2023 21:55:42][TCP]10.0.0.1:63828   syn    155.133.226.75:27021
[06.10.2023 21:55:43][TCP]10.0.0.1:63828   open   155.133.226.75:27021
[06.10.2023 21:55:43][TCP]10.0.0.1:63827   open   155.133.226.75:27034
[06.10.2023 21:55:43][TCP]10.0.0.1:63826   open   155.133.252.54:27022
[06.10.2023 21:55:43][TCP]0.0.0.0:0        syn    0.0.0.0:0
[06.10.2023 21:55:44][TCP]0.0.0.0:0        open   0.0.0.0:0
[06.10.2023 21:55:48][TCP]10.0.0.1:63839   syn    23.44.232.79:443
[06.10.2023 21:55:49][TCP]10.0.0.1:63839   open   23.44.232.79:443
[06.10.2023 21:55:52][TCP]10.0.0.1:63842   syn    216.58.204.78:443
[06.10.2023 21:55:52][TCP]10.0.0.1:63845   syn    2.19.117.157:80
[06.10.2023 21:55:53][TCP]10.0.0.1:63842   open   216.58.204.78:443
[06.10.2023 21:55:53][TCP]10.0.0.1:63848   syn    1.0.0.1:443
[06.10.2023 21:55:53][TCP]10.0.0.1:63849   syn    1.0.0.1:443
[06.10.2023 21:55:53][TCP]10.0.0.1:63854   syn    1.0.0.1:443
[06.10.2023 21:55:53][TCP]10.0.0.1:63855   syn    1.0.0.1:443
[06.10.2023 21:55:54][TCP]10.0.0.1:63845   open   2.19.117.157:80
[06.10.2023 21:55:54][TCP]10.0.0.1:63860   syn    162.254.197.54:27037
[06.10.2023 21:55:54][TCP]10.0.0.1:63861   syn    155.133.252.54:443
[06.10.2023 21:55:54][TCP]10.0.0.1:63866   syn    1.0.0.1:443
[06.10.2023 21:55:54][TCP]10.0.0.1:63867   syn    1.0.0.1:443
[06.10.2023 21:55:54][TCP]10.0.0.1:63848   open   1.0.0.1:443
[06.10.2023 21:55:54][TCP]10.0.0.1:63849   open   1.0.0.1:443
[06.10.2023 21:55:54][TCP]10.0.0.1:63872   syn    1.0.0.1:443
[06.10.2023 21:55:54][TCP]10.0.0.1:63873   syn    1.0.0.1:443
[06.10.2023 21:55:54][TCP]10.0.0.1:63878   syn    1.0.0.1:443
[06.10.2023 21:55:54][TCP]10.0.0.1:63879   syn    1.0.0.1:443
[06.10.2023 21:55:55][TCP]10.0.0.1:63885   syn    80.239.197.106:80
[06.10.2023 21:55:55][TCP]0.0.0.0:0        syn    0.0.0.0:0
[06.10.2023 21:55:55][TCP]10.0.0.1:63890   syn    81.19.104.79:80
[06.10.2023 21:55:55][TCP]0.0.0.0:0        syn    0.0.0.0:0
[06.10.2023 21:55:55][TCP]10.0.0.1:63855   open   1.0.0.1:443
[06.10.2023 21:55:55][TCP]10.0.0.1:63854   open   1.0.0.1:443
[06.10.2023 21:55:55][TCP]10.0.0.1:63860   open   162.254.197.54:27037
[06.10.2023 21:55:55][TCP]10.0.0.1:63861   open   155.133.252.54:443
[06.10.2023 21:55:55][TCP]10.0.0.1:63896   syn    162.254.198.104:27023
[06.10.2023 21:55:55][TCP]0.0.0.0:0        syn    0.0.0.0:0
[06.10.2023 21:55:55][TCP]10.0.0.1:63902   syn    23.59.171.27:443
[06.10.2023 21:55:55][TCP]10.0.0.1:63867   open   1.0.0.1:443
[06.10.2023 21:55:55][TCP]10.0.0.1:63905   syn    20.42.65.84:443
[06.10.2023 21:55:55][TCP]10.0.0.1:63873   open   1.0.0.1:443
[06.10.2023 21:55:55][TCP]10.0.0.1:63872   open   1.0.0.1:443
[06.10.2023 21:55:55][TCP]10.0.0.1:63878   open   1.0.0.1:443
[06.10.2023 21:55:56][TCP]0.0.0.0:0        open   0.0.0.0:0
[06.10.2023 21:55:56][TCP]10.0.0.1:63885   open   80.239.197.106:80
[06.10.2023 21:55:56][TCP]10.0.0.1:63902   open   23.59.171.27:443
[06.10.2023 21:55:56][TCP]10.0.0.1:63879   open   1.0.0.1:443
[06.10.2023 21:55:56][TCP]0.0.0.0:0        open   0.0.0.0:0
[06.10.2023 21:55:56][TCP]10.0.0.1:63905   open   20.42.65.84:443
[06.10.2023 21:55:56][TCP]10.0.0.1:63866   open   1.0.0.1:443
[06.10.2023 21:55:56][TCP]10.0.0.1:63896   open   162.254.198.104:27023
[06.10.2023 21:55:56][TCP]0.0.0.0:0        open   0.0.0.0:0
[06.10.2023 21:55:57][TCP]10.0.0.1:63890   open   81.19.104.79:80
[06.10.2023 21:55:58][TCP]10.0.0.1:63908   syn    62.128.100.55:443
[06.10.2023 21:55:58][TCP]10.0.0.1:63912   syn    149.154.167.50:443
[06.10.2023 21:55:58][TCP]10.0.0.1:63913   syn    149.154.167.41:443
[06.10.2023 21:55:58][TCP]10.0.0.1:63916   syn    149.154.167.50:80
[06.10.2023 21:55:58][TCP]10.0.0.1:63917   syn    149.154.167.41:80
[06.10.2023 21:55:59][TCP]10.0.0.1:63908   open   62.128.100.55:443
[06.10.2023 21:55:59][TCP]10.0.0.1:63913   open   149.154.167.41:443
[06.10.2023 21:55:59][TCP]10.0.0.1:63917   open   149.154.167.41:80
[06.10.2023 21:55:59][TCP]10.0.0.1:63916   open   149.154.167.50:80
[06.10.2023 21:55:59][TCP]10.0.0.1:63912   open   149.154.167.50:443
[06.10.2023 21:55:59][TCP]10.0.0.1:63924   syn    149.154.167.50:443
[06.10.2023 21:55:59][TCP]10.0.0.1:63925   syn    149.154.167.41:443
[06.10.2023 21:55:59][TCP]10.0.0.1:63928   syn    149.154.167.50:80
[06.10.2023 21:55:59][TCP]10.0.0.1:63929   syn    149.154.167.41:80
[06.10.2023 21:56:00][TCP]10.0.0.1:63936   syn    216.58.204.67:443
[06.10.2023 21:56:00][TCP]10.0.0.1:63924   open   149.154.167.50:443
[06.10.2023 21:56:00][TCP]10.0.0.1:63928   open   149.154.167.50:80
[06.10.2023 21:56:00][TCP]10.0.0.1:63929   open   149.154.167.41:80
[06.10.2023 21:56:00][TCP]10.0.0.1:63925   open   149.154.167.41:443
[06.10.2023 21:56:01][TCP]10.0.0.1:63936   open   216.58.204.67:443
[06.10.2023 21:56:01][TCP]10.0.0.1:63939   syn    142.250.187.238:443
[06.10.2023 21:56:01][TCP]10.0.0.1:63942   syn    172.217.21.163:443
[06.10.2023 21:56:02][TCP]10.0.0.1:63939   open   142.250.187.238:443
[06.10.2023 21:56:02][TCP]10.0.0.1:63942   open   172.217.21.163:443
[06.10.2023 21:56:03][TCP]10.0.0.1:63945   syn    142.250.187.238:443
[06.10.2023 21:56:04][TCP]10.0.0.1:63945   open   142.250.187.238:443
[06.10.2023 21:56:07][TCP]10.0.0.1:63948   syn    172.217.21.163:443
[06.10.2023 21:56:08][TCP]10.0.0.1:63948   open   172.217.21.163:443
[06.10.2023 21:56:11][TCP]10.0.0.1:63951   syn    172.217.21.163:443
[06.10.2023 21:56:12][TCP]10.0.0.1:63951   open   172.217.21.163:443
[06.10.2023 21:56:14][TCP]10.0.0.1:63954   syn    192.178.49.227:443
[06.10.2023 21:56:14][TCP]10.0.0.1:63957   syn    2.19.117.157:80
[06.10.2023 21:56:15][TCP]10.0.0.1:63954   open   192.178.49.227:443
[06.10.2023 21:56:15][TCP]10.0.0.1:63960   syn    217.69.139.59:443
[06.10.2023 21:56:15][TCP]10.0.0.1:63957   open   2.19.117.157:80
[06.10.2023 21:56:15][TCP]0.0.0.0:0        syn    0.0.0.0:0
[06.10.2023 21:56:16][TCP]10.0.0.1:63960   open   217.69.139.59:443
[06.10.2023 21:56:16][TCP]0.0.0.0:0        open   0.0.0.0:0
[06.10.2023 21:56:19][TCP]10.0.0.1:63966   syn    142.250.179.238:443
[06.10.2023 21:56:20][TCP]10.0.0.1:63966   open   142.250.179.238:443
[06.10.2023 21:56:20][TCP]10.0.0.1:63969   syn    142.250.179.238:443
[06.10.2023 21:56:21][TCP]10.0.0.1:63969   open   142.250.179.238:443
